config: n=1024 neurons, d=32, L=4, cycle=77 chars
params: n_layer=2 -> 100352   n_layer=4 -> 100352   identical: True  (weights are shared across layers)
training on Section 6.4 synthetic task...
  step    0  loss 3.4781
  step  100  loss 3.0496
  step  200  loss 2.5229
  step  300  loss 2.1732
  step  400  loss 1.6304
  step  500  loss 1.5960
  step  600  loss 1.4030
  step  700  loss 1.2205
  step  800  loss 1.0579
  step  900  loss 0.9695
  step 1000  loss 0.7209
  step 1100  loss 0.7392
  step 1200  loss 0.7595
  step 1300  loss 0.4718
  step 1400  loss 0.7619
  step 1500  loss 0.4146
  step 1600  loss 0.6322
  step 1700  loss 0.4274
  step 1800  loss 0.5070
  step 1900  loss 0.4727
  step 2000  loss 0.4710
  step 2100  loss 0.4504
  step 2199  loss 0.4964

=== RESULT: fraction of neurons active (non-zero in xy_sparse) ===
layer    warmup   memorize    repeat    ratio
    0    10.17%     12.84%    13.91%    0.92x
    1    14.82%     14.94%     7.62%    1.96x
    2    18.14%     15.77%     5.08%    3.10x
    3    18.80%     16.15%     8.47%    1.91x

layer-2 ratio (memorize / repeat): 3.10x
final training loss: 0.4964

=== model cross-entropy, bits per token (build.md section 13, Q2) ===
  at_position  warmup  0.361  memorize  4.713  repeat  0.780
  of_target    warmup  0.113  memorize  5.130  repeat  0.766

trained weights written to weights_trained.json
parity fixture written to reference.json
results written to results.json
