step 0: 3.482198 nats
step 100: 2.939304 nats
step 200: 2.013432 nats
step 300: 0.879000 nats
step 400: 0.825791 nats
step 500: 0.668203 nats
step 600: 0.617856 nats
step 700: 0.556531 nats
step 800: 0.572974 nats
step 900: 0.561043 nats
step 1000: 0.528150 nats
step 1100: 0.541944 nats
step 1200: 0.563603 nats
step 1300: 0.452529 nats
step 1400: 0.542969 nats
step 1500: 0.454616 nats
step 1600: 0.529773 nats
step 1700: 0.485810 nats
step 1800: 0.492988 nats
step 1900: 0.498264 nats
step 2000: 0.514989 nats
step 2100: 0.508336 nats
step 2199: 0.529291 nats
{
  "convergence": {
    "criterion": "mean_bits <= 1.6835368457 and target repeat bits <= 1.1492212212",
    "passed": true
  },
  "ce": 0.6380917134773794,
  "repeat_ce": 0.12384359898246323,
  "ratios": {
    "0": 1.2234073387050026,
    "1": 1.3028901734104046,
    "2": 1.5815899581589958,
    "3": 0.5670069147184722
  }
}
